#
# There is insufficient memory for the Java Runtime Environment to continue.
# Native memory allocation (mmap) failed to map 268435456 bytes. Error detail: G1 virtual space
# Possible reasons:
#   The system is out of physical RAM or swap space
#   This process is running with CompressedOops enabled, and the Java Heap may be blocking the growth of the native heap
# Possible solutions:
#   Reduce memory load on the system
#   Increase physical memory or swap space
#   Check if swap backing store is full
#   Decrease Java heap size (-Xmx/-Xms)
#   Decrease number of Java threads
#   Decrease Java thread stack sizes (-Xss)
#   Set larger code cache with -XX:ReservedCodeCacheSize=
#   JVM is running with Unscaled Compressed Oops mode in which the Java heap is
#     placed in the first 4GB address space. The Java Heap base address is the
#     maximum limit for the native heap growth. Please use -XX:HeapBaseMinAddress
#     to set the Java Heap base and to place the Java Heap above 4GB virtual address.
# This output file may be truncated or incomplete.
#
#  Out of Memory Error (os_windows.cpp:3766), pid=12396, tid=14772
#
# JRE version:  (25.0.2+1) (build )
# Java VM: OpenJDK 64-Bit Server VM (25.0.2+1-b329.117, mixed mode, sharing, tiered, compressed oops, compressed class ptrs, g1 gc, windows-amd64)
# No core dump will be written. Minidumps are not enabled by default on client versions of Windows
#

---------------  S U M M A R Y ------------

Command Line: -Djava.rmi.server.hostname=127.0.0.1 -Duser.timezone=UTC -Xmx2048m -Xms256m --add-exports=java.desktop/sun.awt=ALL-UNNAMED --add-exports=java.desktop/java.awt.peer=ALL-UNNAMED --add-opens=java.desktop/java.awt=ALL-UNNAMED --add-opens=jdk.unsupported/sun.misc=ALL-UNNAMED --add-opens=java.base/java.nio=ALL-UNNAMED --add-opens=java.base/java.util=ALL-UNNAMED -Dfile.encoding=UTF-8 -Dsun.stdout.encoding=UTF-8 -Dsun.stderr.encoding=UTF-8 com.intellij.database.remote.RemoteJdbcServer org.postgresql.Driver

Host: AMD Ryzen 7 260 w/ Radeon 780M Graphics        , 16 cores, 15G,  Windows 11 , 64 bit Build 28000 (10.0.28000.1516)
Time: Wed May  6 03:18:14 2026 elapsed time: 0.036244 seconds (0d 0h 0m 0s)

---------------  T H R E A D  ---------------

Current thread (0x000000800051c7d0):  JavaThread "Unknown thread" [_thread_in_vm, id=14772, stack(0x00000080008f0000,0x00000080009f0000) (1024K)]

Stack: [0x00000080008f0000,0x00000080009f0000]
Native frames: (J=compiled Java code, j=interpreted, Vv=VM code, C=native code)
V  [jvm.dll+0x7c0cc9]  (no source info available)
V  [jvm.dll+0x78a49d]  (no source info available)
V  [jvm.dll+0xa0e693]  (no source info available)
V  [jvm.dll+0xa10e8c]  (no source info available)
V  [jvm.dll+0xa11583]  (no source info available)
V  [jvm.dll+0x307b46]  (no source info available)
V  [jvm.dll+0x7bced5]  (no source info available)
V  [jvm.dll+0x7afe97]  (no source info available)
V  [jvm.dll+0x40159e]  (no source info available)
V  [jvm.dll+0x4093bb]  (no source info available)
V  [jvm.dll+0x3f5bf9]  (no source info available)
V  [jvm.dll+0x3f5eab]  (no source info available)
V  [jvm.dll+0x3cc053]  (no source info available)
V  [jvm.dll+0x3cccbe]  (no source info available)
V  [jvm.dll+0x9d4a07]  (no source info available)
V  [jvm.dll+0x466ce2]  (no source info available)
V  [jvm.dll+0x9b8139]  (no source info available)
V  [jvm.dll+0x508a01]  (no source info available)
V  [jvm.dll+0x50a371]  (no source info available)
C  [jli.dll+0x541a]  (no source info available)
C  [ucrtbase.dll+0x27930]  (no source info available)
C  [KERNEL32.DLL+0x35c07]  (no source info available)
C  [ntdll.dll+0x86970]  (no source info available)

Lock stack of current Java thread (top to bottom):


---------------  P R O C E S S  ---------------

Threads class SMR info:
_java_thread_list=0x00007ff938549108, length=0, elements={
}

Java Threads: ( => current thread )
Total: 0

Other Threads:
  0x0000008000aca100 WorkerThread "GC Thread#0"                     [id=11180, stack(0x00000080125e0000,0x00000080126e0000) (1024K)]
  0x0000008000ae3550 ConcurrentGCThread "G1 Main Marker"            [id=11428, stack(0x00000080126e0000,0x00000080127e0000) (1024K)]
  0x0000008000ae5c80 WorkerThread "G1 Conc#0"                       [id=18124, stack(0x00000080127e0000,0x00000080128e0000) (1024K)]

[error occurred during error reporting (printing all threads), id 0xc0000005, EXCEPTION_ACCESS_VIOLATION (0xc0000005) at pc=0x00007ff937b60caa]
VM state: not at safepoint (not fully initialized)

VM Mutex/Monitor currently owned by a thread:  ([mutex/lock_event])
[0x00007ff9385d1d10] Heap_lock - owner thread: 0x000000800051c7d0

Heap address: 0x0000000080000000, size: 2048 MB, Compressed Oops mode: 32-bit

CDS archive(s) mapped at: [0x0000000000000000-0x0000000000000000-0x0000000000000000), size 0, SharedBaseAddress: 0x0000000800000000, ArchiveRelocationMode: 1.
UseCompressedClassPointers 1, UseCompactObjectHeaders 0
Narrow klass pointer bits 32, Max shift 3
Narrow klass base: 0xffffffffffffffff, Narrow klass shift: -1
Encoding Range: [0xffffffffffffffff - 0x000000007fffffff), (2147483648 bytes)
Klass Range:    [0x0000000000000000 - 0x0000000000000000), (0 bytes)
Klass ID Range:  [4294967295 - 0) (1)
No protection zone.

GC Precious Log:
 CardTable entry size: 512
 Card Set container configuration: InlinePtr #cards 5 size 8 Array Of Cards #cards 10 size 36 Howl #buckets 4 coarsen threshold 1843 Howl Bitmap #cards 512 size 80 coarsen threshold 460 Card regions per heap region 1 cards per card region 2048

Heap:
 garbage-first heap   total reserved 2097152K, committed 0K, used 0K [0x0000000080000000, 0x0000000100000000)
  region size 1024K, 0 young (0K), 0 survivors (0K)

Heap Regions: E=young(eden), S=young(survivor), O=old, HS=humongous(starts), HC=humongous(continues), CS=collection set, F=free, TAMS=top-at-mark-start, PB=parsable bottom

Card table byte_map: [0x0000008010110000,0x0000008010510000] _byte_map_base: 0x000000800fd10000

Marking Bits: (CMBitMap*) 0x0000008000aca890
 Bits: [0x0000008010510000, 0x0000008012510000)

GC Heap Usage History (0 events):
No events

Metaspace Usage History (0 events):
No events

Dll operation events (1 events):
Event: 0.005 Loaded shared library C:\Program Files\JetBrains\PyCharm 2026.1.1\jbr\bin\java.dll

Deoptimization events (0 events):
No events

Classes loaded (0 events):
No events

Classes unloaded (0 events):
No events

Classes redefined (0 events):
No events

Internal exceptions (0 events):
No events

VM Operations (0 events):
No events

Memory protections (0 events):
No events

Nmethod flushes (0 events):
No events

Events (0 events):
No events


Dynamic libraries:
0x00007ff6157a0000 - 0x00007ff6157aa000 	C:\Program Files\JetBrains\PyCharm 2026.1.1\jbr\bin\java.exe
0x00007ff99cde0000 - 0x00007ff99d041000 	C:\Windows\SYSTEM32\ntdll.dll
0x00007ff99beb0000 - 0x00007ff99bf79000 	C:\Windows\System32\KERNEL32.DLL
0x00007ff999550000 - 0x00007ff999948000 	C:\Windows\System32\KERNELBASE.dll
0x00007ff99a340000 - 0x00007ff99a48f000 	C:\Windows\System32\ucrtbase.dll
0x00007ff982e20000 - 0x00007ff982e37000 	C:\Program Files\JetBrains\PyCharm 2026.1.1\jbr\bin\jli.dll
0x00007ff983f30000 - 0x00007ff983f4e000 	C:\Program Files\JetBrains\PyCharm 2026.1.1\jbr\bin\VCRUNTIME140.dll
0x00007ff99b190000 - 0x00007ff99b357000 	C:\Windows\System32\USER32.dll
0x00007ff99a310000 - 0x00007ff99a337000 	C:\Windows\System32\win32u.dll
0x00007ff99b140000 - 0x00007ff99b173000 	C:\Windows\System32\GDI32.dll
0x00007ff9835a0000 - 0x00007ff983837000 	C:\Windows\WinSxS\amd64_microsoft.windows.common-controls_6595b64144ccf1df_6.0.28000.1643_none_cc819fe223a2e38c\COMCTL32.dll
0x00007ff999950000 - 0x00007ff999a76000 	C:\Windows\System32\gdi32full.dll
0x00007ff99c090000 - 0x00007ff99c139000 	C:\Windows\System32\msvcrt.dll
0x00007ff99a8b0000 - 0x00007ff99a954000 	C:\Windows\System32\msvcp_win.dll
0x00007ff99c8b0000 - 0x00007ff99c954000 	C:\Windows\System32\sechost.dll
0x00007ff99b660000 - 0x00007ff99b690000 	C:\Windows\System32\IMM32.DLL
0x00007ff98f750000 - 0x00007ff98f75c000 	C:\Program Files\JetBrains\PyCharm 2026.1.1\jbr\bin\vcruntime140_1.dll
0x00007ff96ca60000 - 0x00007ff96cae9000 	C:\Program Files\JetBrains\PyCharm 2026.1.1\jbr\bin\msvcp140.dll
0x00007ff937780000 - 0x00007ff9386d2000 	C:\Program Files\JetBrains\PyCharm 2026.1.1\jbr\bin\server\jvm.dll
0x00007ff99bd70000 - 0x00007ff99be24000 	C:\Windows\System32\ADVAPI32.dll
0x00007ff99ae60000 - 0x00007ff99af7a000 	C:\Windows\System32\RPCRT4.dll
0x00007ff99b0b0000 - 0x00007ff99b130000 	C:\Windows\System32\WS2_32.dll
0x00007ff998db0000 - 0x00007ff998e0f000 	C:\Windows\SYSTEM32\POWRPROF.dll
0x00007ff98ce00000 - 0x00007ff98ce35000 	C:\Windows\SYSTEM32\WINMM.dll
0x00007ff9913a0000 - 0x00007ff9913ab000 	C:\Windows\SYSTEM32\VERSION.dll
0x00007ff998d90000 - 0x00007ff998daa000 	C:\Windows\SYSTEM32\UMPDC.dll
0x00007ff998210000 - 0x00007ff99822b000 	C:\Windows\SYSTEM32\kernel.appcore.dll
0x00007ff983f20000 - 0x00007ff983f2a000 	C:\Program Files\JetBrains\PyCharm 2026.1.1\jbr\bin\jimage.dll
0x00007ff990330000 - 0x00007ff990602000 	C:\Windows\SYSTEM32\DBGHELP.DLL
0x00007ff99aad0000 - 0x00007ff99ae57000 	C:\Windows\System32\combase.dll
0x00007ff99c960000 - 0x00007ff99ca39000 	C:\Windows\System32\OLEAUT32.dll
0x00007ff985de0000 - 0x00007ff985e2a000 	C:\Windows\SYSTEM32\dbgcore.DLL
0x00007ff99a740000 - 0x00007ff99a7df000 	C:\Windows\System32\bcryptPrimitives.dll
0x00007ff982470000 - 0x00007ff98248f000 	C:\Program Files\JetBrains\PyCharm 2026.1.1\jbr\bin\java.dll
0x00007ff99cb10000 - 0x00007ff99cca8000 	C:\Windows\System32\ole32.dll
0x00007ff99c140000 - 0x00007ff99c8a0000 	C:\Windows\System32\SHELL32.dll
0x00007ff99a960000 - 0x00007ff99aacb000 	C:\Windows\System32\wintypes.dll

JVMTI agents: none

dbghelp: loaded successfully - version: 4.0.5 - missing functions: none
symbol engine: initialized successfully - sym options: 0x614 - pdb path: .;C:\Program Files\JetBrains\PyCharm 2026.1.1\jbr\bin;C:\Windows\SYSTEM32;C:\Windows\WinSxS\amd64_microsoft.windows.common-controls_6595b64144ccf1df_6.0.28000.1643_none_cc819fe223a2e38c;C:\Program Files\JetBrains\PyCharm 2026.1.1\jbr\bin\server

VM Arguments:
jvm_args: -Djava.rmi.server.hostname=127.0.0.1 -Duser.timezone=UTC -Xmx2048m -Xms256m --add-exports=java.desktop/sun.awt=ALL-UNNAMED --add-exports=java.desktop/java.awt.peer=ALL-UNNAMED --add-opens=java.desktop/java.awt=ALL-UNNAMED --add-opens=jdk.unsupported/sun.misc=ALL-UNNAMED --add-opens=java.base/java.nio=ALL-UNNAMED --add-opens=java.base/java.util=ALL-UNNAMED -Dfile.encoding=UTF-8 -Dsun.stdout.encoding=UTF-8 -Dsun.stderr.encoding=UTF-8 
java_command: com.intellij.database.remote.RemoteJdbcServer org.postgresql.Driver
java_class_path (initial): C:\Program Files\JetBrains\PyCharm 2026.1.1\lib\util_rt.jar;C:\Program Files\JetBrains\PyCharm 2026.1.1\lib\intellij.libraries.fastutil.jar;C:\Program Files\JetBrains\PyCharm 2026.1.1\lib\groovy.jar;C:\Program Files\JetBrains\PyCharm 2026.1.1\plugins\DatabaseTools\lib\modules\intellij.database.jdbcConsole.jar;C:\Program Files\JetBrains\PyCharm 2026.1.1\lib\intellij.grid.types.jar;C:\Program Files\JetBrains\PyCharm 2026.1.1\lib\intellij.libraries.jbr.jar;C:\Program Files\JetBrains\PyCharm 2026.1.1\lib\intellij.libraries.bouncy.castle.provider.jar
Launcher Type: SUN_STANDARD

[Global flags]
     intx CICompilerCount                          = 12                                        {product} {ergonomic}
     uint ConcGCThreads                            = 3                                         {product} {ergonomic}
     uint G1ConcRefinementThreads                  = 13                                        {product} {ergonomic}
   size_t G1HeapRegionSize                         = 1048576                                   {product} {ergonomic}
   size_t InitialHeapSize                          = 268435456                                 {product} {command line}
   size_t MarkStackSize                            = 4194304                                   {product} {ergonomic}
   size_t MarkStackSizeMax                         = 536870912                                 {product} {ergonomic}
   size_t MaxHeapSize                              = 2147483648                                {product} {command line}
   size_t MinHeapDeltaBytes                        = 1048576                                   {product} {ergonomic}
   size_t MinHeapSize                              = 268435456                                 {product} {command line}
    uintx NonNMethodCodeHeapSize                   = 7602176                                {pd product} {ergonomic}
    uintx NonProfiledCodeHeapSize                  = 122093568                              {pd product} {ergonomic}
    uintx ProfiledCodeHeapSize                     = 121962496                              {pd product} {ergonomic}
    uintx ReservedCodeCacheSize                    = 251658240                              {pd product} {ergonomic}
     bool SegmentedCodeCache                       = true                                      {product} {ergonomic}
   size_t SoftMaxHeapSize                          = 2147483648                             {manageable} {ergonomic}
     bool UseCompressedOops                        = true                           {product lp64_product} {ergonomic}
     bool UseG1GC                                  = true                                      {product} {ergonomic}
     bool UseLargePagesIndividualAllocation        = false                                  {pd product} {ergonomic}

Logging:
Log output configuration:
 #0: stdout all=warning uptime,level,tags foldmultilines=false
 #1: stderr all=off uptime,level,tags foldmultilines=false

Release file:
<release file has not been read>
Environment Variables:
PATH=C:\Windows\system32;C:\Windows;C:\Windows\System32\Wbem;C:\Windows\System32\WindowsPowerShell\v1.0\;C:\Windows\System32\OpenSSH\;C:\Program Files\Git\cmd;C:\Program Files\Docker\Docker\resources\bin;C:\Program Files\dotnet\;C:\Program Files (x86)\Microsoft SQL Server\170\Tools\Binn\;C:\Program Files\Microsoft SQL Server\170\Tools\Binn\;C:\Program Files\Microsoft SQL Server\Client SDK\ODBC\180\Tools\Binn\;C:\Program Files\Microsoft SQL Server\170\DTS\Binn\;C:\Users\Maxliyo\AppData\Local\Programs\Python\Python314\Scripts;C:\Users\Maxliyo\AppData\Local\Programs\Python\Launcher\;C:\Users\Maxliyo\AppData\Local\Microsoft\WindowsApps;C:\Program Files\JetBrains\PyCharm 2026.1.1\bin;C:\Users\Maxliyo\AppData\Local\GitHubDesktop\bin;C:\Users\Maxliyo\.dotnet\tools
USERNAME=Maxliyo
OS=Windows_NT
PROCESSOR_IDENTIFIER=AMD64 Family 25 Model 117 Stepping 2, AuthenticAMD
TMP=C:\Windows\Temp
TEMP=C:\Windows\Temp




Compilation memory statistics disabled.

Periodic native trim disabled

JNI global refs:
JNI global refs: 0, weak refs: 0

JNI global refs memory usage: 0, weak refs: 0

Process memory usage:
Resident Set Size: 14708K (0% of 16038216K total physical memory with 1581328K free physical memory)

OOME stack traces (most recent first):
Classloader memory used:

---------------  S Y S T E M  ---------------

OS:
 Windows 11 , 64 bit Build 28000 (10.0.28000.1516)
OS uptime: 1 days 14:37 hours
Hyper-V role detected

CPU: total 16 (initial active 16) (16 cores per cpu, 2 threads per core) family 25 model 117 stepping 2 microcode 0xa70520a, cx8, cmov, fxsr, ht, mmx, 3dnowpref, sse, sse2, sse3, ssse3, sse4a, sse4.1, sse4.2, popcnt, lzcnt, tsc, tscinvbit, avx, avx2, aes, erms, clmul, bmi1, bmi2, adx, avx512f, avx512dq, avx512cd, avx512bw, avx512vl, sha, fma, vzeroupper, avx512_vpopcntdq, avx512_vpclmulqdq, avx512_vaes, avx512_vnni, clflush, clflushopt, clwb, avx512_vbmi2, avx512_vbmi, hv, rdtscp, rdpid, fsrm, gfni, avx512_bitalg, f16c, cet_ss, avx512_ifma
Processor Information for the first 16 processors :
  Max Mhz: 3801, Current Mhz: 3801, Mhz Limit: 3801

Memory: 4k page, system-wide physical 15662M (1544M free)
TotalPageFile size 15662M (AvailPageFile size 138M)
current process WorkingSet (physical memory assigned to process): 14M, peak: 14M
current process commit charge ("private bytes"): 71M, peak: 327M

vm_info: OpenJDK 64-Bit Server VM (25.0.2+1-b329.117) for windows-amd64 JRE (25.0.2+1-b329.117), built on 2026-04-20 with MS VC++ 17.14 (VS2022)

END.
